
[ERROR] Failed to 
execute goal org.apach
e.maven.plugins:maven-
compiler-plugin:3.11.0
:compile 
(default-compile) on 
project 
phishing-detector: 
Resolution of annotati
onProcessorPath 
dependencies failed: 
version can neither 
be null, empty nor 
blank -> [Help 1]
[ERROR] 
[ERROR] To see the 
full stack trace of 
the errors, re-run 
Maven with the -e 
switch.
[ERROR] Re-run Maven 
using the -X switch 
to enable full debug 
logging.
[ERROR] 
[ERROR] For more 
information about the 
errors and possible 
solutions, please 
read the following 
articles:
[ERROR] [Help 1] http:
//cwiki.apache.org/con
fluence/display/MAVEN/
MojoExecutionException


