[INFO] Scanning for projects...
[INFO] 
[INFO] -------------------< com.example:phishing-detector >--------------------
[INFO] Building phishing-detector 0.0.1-SNAPSHOT
[INFO]   from pom.xml
[INFO] --------------------------------[ jar ]---------------------------------
Downloading from central: https://repo.maven.apache.org/maven2/org/apache/maven/plugins/maven-clean-plugin/3.5.0/maven-clean-plugin-3.5.0.pom
[INFO] ------------------------------------------------------------------------
[INFO] BUILD FAILURE
[INFO] ------------------------------------------------------------------------
[INFO] Total time:  12.661 s
[INFO] Finished at: 2026-03-10T10:50:26+05:30
[INFO] ------------------------------------------------------------------------
[ERROR] Plugin org.apache.maven.plugins:maven-clean-plugin:3.5.0 or one of its dependencies could not be resolved:
[ERROR] 	The following artifacts could not be resolved: org.apache.maven.plugins:maven-clean-plugin:pom:3.5.0 (absent): Could not transfer artifact org.apache.maven.plugins:maven-clean-plugin:pom:3.5.0 from/to central (https://repo.maven.apache.org/maven2): No such host is known (repo.maven.apache.org)
[ERROR] -> [Help 1]
[ERROR] 
[ERROR] To see the full stack trace of the errors, re-run Maven with the -e switch.
[ERROR] Re-run Maven using the -X switch to enable full debug logging.
[ERROR] 
[ERROR] For more information about the errors and possible solutions, please read the following articles:
[ERROR] [Help 1] http://cwiki.apache.org/confluence/display/MAVEN/PluginResolutionException
